
Discarded input sections

 .data          0x0000000000000000        0x0 build/obj/crt0_v6m.o
 .bss           0x0000000000000000        0x0 build/obj/crt0_v6m.o
 .data          0x0000000000000000        0x0 build/obj/chcoreasm_v6m.o
 .bss           0x0000000000000000        0x0 build/obj/chcoreasm_v6m.o
 .text          0x0000000000000000        0x0 build/obj/crt1.o (symbol from plugin)
 .text          0x0000000000000000        0x0 /tmp/ccb9u08R.ltrans0.ltrans.o
 .data          0x0000000000000000        0x0 /tmp/ccb9u08R.ltrans0.ltrans.o
 .bss           0x0000000000000000        0x0 /tmp/ccb9u08R.ltrans0.ltrans.o
 .text          0x0000000000000000        0x0 build/obj/vectors.o (symbol from plugin)
 .text          0x0000000000000000        0x0 build/obj/chsys.o (symbol from plugin)
 .text          0x0000000000000000        0x0 build/obj/chdebug.o (symbol from plugin)
 .text          0x0000000000000000        0x0 build/obj/chtrace.o (symbol from plugin)
 .text          0x0000000000000000        0x0 build/obj/chvt.o (symbol from plugin)
 .text          0x0000000000000000        0x0 build/obj/chschd.o (symbol from plugin)
 .text          0x0000000000000000        0x0 build/obj/chthreads.o (symbol from plugin)
 .text          0x0000000000000000        0x0 build/obj/chregistry.o (symbol from plugin)
 .text          0x0000000000000000        0x0 build/obj/chsem.o (symbol from plugin)
 .text          0x0000000000000000        0x0 build/obj/chmtx.o (symbol from plugin)
 .text          0x0000000000000000        0x0 build/obj/chcond.o (symbol from plugin)
 .text          0x0000000000000000        0x0 build/obj/chevents.o (symbol from plugin)
 .text          0x0000000000000000        0x0 build/obj/chmsg.o (symbol from plugin)
 .text          0x0000000000000000        0x0 build/obj/chdynamic.o (symbol from plugin)
 .text          0x0000000000000000        0x0 build/obj/chmboxes.o (symbol from plugin)
 .text          0x0000000000000000        0x0 build/obj/chmemcore.o (symbol from plugin)
 .text          0x0000000000000000        0x0 build/obj/chheap.o (symbol from plugin)
 .text          0x0000000000000000        0x0 build/obj/chmempools.o (symbol from plugin)
 .text          0x0000000000000000        0x0 build/obj/chcore.o (symbol from plugin)
 .text          0x0000000000000000        0x0 build/obj/chcore_v6m.o (symbol from plugin)
 .text          0x0000000000000000        0x0 build/obj/osal.o (symbol from plugin)
 .text          0x0000000000000000        0x0 build/obj/hal.o (symbol from plugin)
 .text          0x0000000000000000        0x0 build/obj/hal_st.o (symbol from plugin)
 .text          0x0000000000000000        0x0 build/obj/hal_buffers.o (symbol from plugin)
 .text          0x0000000000000000        0x0 build/obj/hal_queues.o (symbol from plugin)
 .text          0x0000000000000000        0x0 build/obj/hal_mmcsd.o (symbol from plugin)
 .text          0x0000000000000000        0x0 build/obj/hal_pal.o (symbol from plugin)
 .text          0x0000000000000000        0x0 build/obj/hal_pwm.o (symbol from plugin)
 .text          0x0000000000000000        0x0 build/obj/nvic.o (symbol from plugin)
 .text          0x0000000000000000        0x0 build/obj/hal_lld.o (symbol from plugin)
 .text          0x0000000000000000        0x0 build/obj/stm32_dma.o (symbol from plugin)
 .text          0x0000000000000000        0x0 build/obj/hal_st_lld.o (symbol from plugin)
 .text          0x0000000000000000        0x0 build/obj/hal_pal_lld.o (symbol from plugin)
 .text          0x0000000000000000        0x0 build/obj/hal_pwm_lld.o (symbol from plugin)
 .text          0x0000000000000000        0x0 build/obj/board.o (symbol from plugin)
 .text          0x0000000000000000        0x0 build/obj/ch_test.o (symbol from plugin)
 .text          0x0000000000000000        0x0 build/obj/test_root.o (symbol from plugin)
 .text          0x0000000000000000        0x0 build/obj/test_sequence_001.o (symbol from plugin)
 .text          0x0000000000000000        0x0 build/obj/test_sequence_002.o (symbol from plugin)
 .text          0x0000000000000000        0x0 build/obj/test_sequence_003.o (symbol from plugin)
 .text          0x0000000000000000        0x0 build/obj/test_sequence_004.o (symbol from plugin)
 .text          0x0000000000000000        0x0 build/obj/test_sequence_005.o (symbol from plugin)
 .text          0x0000000000000000        0x0 build/obj/test_sequence_006.o (symbol from plugin)
 .text          0x0000000000000000        0x0 build/obj/test_sequence_007.o (symbol from plugin)
 .text          0x0000000000000000        0x0 build/obj/test_sequence_008.o (symbol from plugin)
 .text          0x0000000000000000        0x0 build/obj/test_sequence_009.o (symbol from plugin)
 .text          0x0000000000000000        0x0 build/obj/test_sequence_010.o (symbol from plugin)
 .text          0x0000000000000000        0x0 build/obj/test_sequence_011.o (symbol from plugin)
[...]
Memory Configuration

Name             Origin             Length             Attributes
flash0           0x0000000008000000 0x0000000000008000
flash1           0x0000000000000000 0x0000000000000000
flash2           0x0000000000000000 0x0000000000000000
flash3           0x0000000000000000 0x0000000000000000
flash4           0x0000000000000000 0x0000000000000000
flash5           0x0000000000000000 0x0000000000000000
flash6           0x0000000000000000 0x0000000000000000
flash7           0x0000000000000000 0x0000000000000000
ram0             0x0000000020000000 0x0000000000001800
ram1             0x0000000000000000 0x0000000000000000
ram2             0x0000000000000000 0x0000000000000000
ram3             0x0000000000000000 0x0000000000000000
ram4             0x0000000000000000 0x0000000000000000
ram5             0x0000000000000000 0x0000000000000000
ram6             0x0000000000000000 0x0000000000000000
ram7             0x0000000000000000 0x0000000000000000
*default*        0x0000000000000000 0xffffffffffffffff

Linker script and memory map

LOAD build/obj/crt0_v6m.o
LOAD build/obj/chcoreasm_v6m.o
LOAD build/obj/crt1.o
LOAD /tmp/ccb9u08R.ltrans0.ltrans.o
LOAD build/obj/vectors.o
LOAD build/obj/chsys.o
LOAD build/obj/chdebug.o
LOAD build/obj/chtrace.o
LOAD build/obj/chvt.o
LOAD build/obj/chschd.o
LOAD build/obj/chthreads.o
LOAD build/obj/chregistry.o
LOAD build/obj/chsem.o
LOAD build/obj/chmtx.o
LOAD build/obj/chcond.o
LOAD build/obj/chevents.o
LOAD build/obj/chmsg.o
LOAD build/obj/chdynamic.o
LOAD build/obj/chmboxes.o
LOAD build/obj/chmemcore.o
LOAD build/obj/chheap.o
LOAD build/obj/chmempools.o
LOAD build/obj/chcore.o
LOAD build/obj/chcore_v6m.o
LOAD build/obj/osal.o
LOAD build/obj/hal.o
LOAD build/obj/hal_st.o
LOAD build/obj/hal_buffers.o
LOAD build/obj/hal_queues.o
LOAD build/obj/hal_mmcsd.o
LOAD build/obj/hal_pal.o
LOAD build/obj/hal_pwm.o
LOAD build/obj/nvic.o
LOAD build/obj/hal_lld.o
LOAD build/obj/stm32_dma.o
LOAD build/obj/hal_st_lld.o
LOAD build/obj/hal_pal_lld.o
LOAD build/obj/hal_pwm_lld.o
LOAD build/obj/board.o
LOAD build/obj/ch_test.o
LOAD build/obj/test_root.o
LOAD build/obj/test_sequence_001.o
LOAD build/obj/test_sequence_002.o
LOAD build/obj/test_sequence_003.o
LOAD build/obj/test_sequence_004.o
LOAD build/obj/test_sequence_005.o
LOAD build/obj/test_sequence_006.o
LOAD build/obj/test_sequence_007.o
LOAD build/obj/test_sequence_008.o
LOAD build/obj/test_sequence_009.o
LOAD build/obj/test_sequence_010.o
LOAD build/obj/test_sequence_011.o
LOAD build/obj/test_sequence_012.o
LOAD build/obj/main.o

.mstack         0x0000000020000000      0x200
                0x0000000020000000                . = ALIGN (0x8)
                0x0000000020000000                __main_stack_base__ = .
                0x0000000020000200                . = (. + __main_stack_size__)
 *fill*         0x0000000020000000      0x200 
                0x0000000020000200                . = ALIGN (0x8)
                0x0000000020000200                __main_stack_end__ = .

.pstack         0x0000000020000200      0x200
                0x0000000020000200                __process_stack_base__ = .
                0x0000000020000200                __main_thread_stack_base__ = .
                0x0000000020000400                . = (. + __process_stack_size__)
 *fill*         0x0000000020000200      0x200 
                0x0000000020000400                . = ALIGN (0x8)
                0x0000000020000400                __process_stack_end__ = .
                0x0000000020000400                __main_thread_stack_end__ = .

vectors         0x0000000008000000       0xc0
 *(.vectors)
 .vectors       0x0000000008000000       0xc0 /tmp/ccb9u08R.ltrans0.ltrans.o
                0x0000000008000000                _vectors

xtors           0x00000000080000c0        0x0
                0x00000000080000c0                __init_array_start = .
 *(SORT(.init_array.*))
 *(.init_array)
                0x00000000080000c0                __init_array_end = .
                0x00000000080000c0                __fini_array_start = .
 *(.fini_array)
 *(SORT(.fini_array.*))
                0x00000000080000c0                __fini_array_end = .

.text           0x00000000080000c0     0x1104
 *(.text)
 .text          0x00000000080000c0       0xd0 build/obj/crt0_v6m.o
                0x00000000080000c0                Reset_Handler
 .text          0x0000000008000190       0x4c build/obj/chcoreasm_v6m.o
                0x0000000008000190                _port_switch
                0x00000000080001b0                _port_thread_start
                0x00000000080001c0                _port_switch_from_isr
                0x00000000080001cc                _port_exit_from_isr
 *(.text.*)
 *fill*         0x00000000080001dc        0x4 
 .text.Thread1  0x00000000080001e0       0x14 /tmp/ccb9u08R.ltrans0.ltrans.o
 *fill*         0x00000000080001f4        0xc 
 .text.pwm_lld_serve_interrupt
                0x0000000008000200       0x64 /tmp/ccb9u08R.ltrans0.ltrans.o
 *fill*         0x0000000008000264        0xc 
 .text._port_irq_epilogue
                0x0000000008000270       0x3c /tmp/ccb9u08R.ltrans0.ltrans.o
 *fill*         0x00000000080002ac        0x4 
 .text.NMI_Handler
                0x00000000080002b0       0x10 /tmp/ccb9u08R.ltrans0.ltrans.o
 .text.chDbgCheckClassS
                0x00000000080002c0       0x20 /tmp/ccb9u08R.ltrans0.ltrans.o
 .text.chDbgCheckClassI
                0x00000000080002e0       0x20 /tmp/ccb9u08R.ltrans0.ltrans.o
 .text.chSchReadyI
                0x0000000008000300       0x54 /tmp/ccb9u08R.ltrans0.ltrans.o
 *fill*         0x0000000008000354        0xc 
 .text._dbg_check_leave_isr
                0x0000000008000360       0x28 /tmp/ccb9u08R.ltrans0.ltrans.o
 *fill*         0x0000000008000388        0x8 
 .text._dbg_check_enter_isr
                0x0000000008000390       0x28 /tmp/ccb9u08R.ltrans0.ltrans.o
 *fill*         0x00000000080003b8        0x8 
 .text._dbg_check_unlock_from_isr
                0x00000000080003c0       0x24 /tmp/ccb9u08R.ltrans0.ltrans.o
 *fill*         0x00000000080003e4        0xc 
 .text._dbg_check_lock_from_isr
                0x00000000080003f0       0x24 /tmp/ccb9u08R.ltrans0.ltrans.o
 *fill*         0x0000000008000414        0xc 
 .text.wakeup   0x0000000008000420       0x5c /tmp/ccb9u08R.ltrans0.ltrans.o
 *fill*         0x000000000800047c        0x4 
 .text._idle_thread
                0x0000000008000480        0x4 /tmp/ccb9u08R.ltrans0.ltrans.o
 *fill*         0x0000000008000484        0xc 
 .text._unhandled_exception
                0x0000000008000490        0x4 /tmp/ccb9u08R.ltrans0.ltrans.o
 *fill*         0x0000000008000494        0xc 
 .text.chSchWakeupS.constprop.11
                0x00000000080004a0       0x6c /tmp/ccb9u08R.ltrans0.ltrans.o
 *fill*         0x000000000800050c        0x4 
 .text.chSchGoSleepS
                0x0000000008000510       0x44 /tmp/ccb9u08R.ltrans0.ltrans.o
 *fill*         0x0000000008000554        0xc 
 .text.Vector80
                0x0000000008000560       0x20 /tmp/ccb9u08R.ltrans0.ltrans.o
 .text.Vector7C
                0x0000000008000580       0x20 /tmp/ccb9u08R.ltrans0.ltrans.o
 .text.SysTick_Handler
                0x00000000080005a0       0x7c /tmp/ccb9u08R.ltrans0.ltrans.o
 *fill*         0x000000000800061c        0x4 
 .text.__early_init
                0x0000000008000620       0xac /tmp/ccb9u08R.ltrans0.ltrans.o
                0x0000000008000620                __early_init
 *fill*         0x00000000080006cc        0x4 
 .text.chSchDoRescheduleAhead
                0x00000000080006d0       0x8c /tmp/ccb9u08R.ltrans0.ltrans.o
                0x00000000080006d0                chSchDoReschedule
 *fill*         0x000000000800075c        0x4 
 .text._dbg_check_unlock
                0x0000000008000760       0x24 /tmp/ccb9u08R.ltrans0.ltrans.o
                0x0000000008000760                _dbg_check_unlock
 *fill*         0x0000000008000784        0xc 
 .text.chSysUnlock.lto_priv.14
                0x0000000008000790       0x2c /tmp/ccb9u08R.ltrans0.ltrans.o
 *fill*         0x00000000080007bc        0x4 
 .text._dbg_check_lock
                0x00000000080007c0       0x24 /tmp/ccb9u08R.ltrans0.ltrans.o
                0x00000000080007c0                _dbg_check_lock
 *fill*         0x00000000080007e4        0xc 
 .text.chCoreAllocAligned
                0x00000000080007f0       0x80 /tmp/ccb9u08R.ltrans0.ltrans.o
 .text.chRegFindThreadByWorkingArea
                0x0000000008000870      0x438 /tmp/ccb9u08R.ltrans0.ltrans.o
 *fill*         0x0000000008000ca8        0x8 
 .text.startup.main
                0x0000000008000cb0      0x424 /tmp/ccb9u08R.ltrans0.ltrans.o
                0x0000000008000cb0                main
 *fill*         0x00000000080010d4        0xc 
 .text.chThdExit
                0x00000000080010e0       0x58 /tmp/ccb9u08R.ltrans0.ltrans.o
                0x00000000080010e0                chThdExit
 *fill*         0x0000000008001138        0x8 
 .text.__init_ram_areas
                0x0000000008001140       0x60 /tmp/ccb9u08R.ltrans0.ltrans.o
                0x0000000008001140                __init_ram_areas
 .text.__default_exit
                0x00000000080011a0        0x4 /tmp/ccb9u08R.ltrans0.ltrans.o
                0x00000000080011a0                __default_exit
 *fill*         0x00000000080011a4        0xc 
 .text.__late_init
                0x00000000080011b0        0x4 /tmp/ccb9u08R.ltrans0.ltrans.o
                0x00000000080011b0                __late_init
 *fill*         0x00000000080011b4        0xc 
 .text.__core_init
                0x00000000080011c0        0x4 /tmp/ccb9u08R.ltrans0.ltrans.o
                0x00000000080011c0                __core_init
 *(.glue_7t)
 .glue_7t       0x00000000080011c4        0x0 linker stubs
 *(.glue_7)
 .glue_7        0x00000000080011c4        0x0 linker stubs
 *(.gcc*)

.vfp11_veneer   0x00000000080011c4        0x0
 .vfp11_veneer  0x00000000080011c4        0x0 linker stubs

.v4_bx          0x00000000080011c4        0x0
 .v4_bx         0x00000000080011c4        0x0 linker stubs

.iplt           0x00000000080011c4        0x0
 .iplt          0x00000000080011c4        0x0 build/obj/crt0_v6m.o

.rodata         0x00000000080011c4      0x21c
                0x00000000080011c4                . = ALIGN (0x4)
                0x00000000080011c4                __rodata_base__ = .
 *(.rodata)
 *(.rodata.*)
 .rodata.wakeup
                0x00000000080011c4       0x20 /tmp/ccb9u08R.ltrans0.ltrans.o
 .rodata.__func__.6089
                0x00000000080011e4       0x10 /tmp/ccb9u08R.ltrans0.ltrans.o
 .rodata.__func__.5409
                0x00000000080011f4        0xc /tmp/ccb9u08R.ltrans0.ltrans.o
 .rodata.__func__.5744
                0x0000000008001200        0xc /tmp/ccb9u08R.ltrans0.ltrans.o
 .rodata.__func__.5747.lto_priv.13
                0x000000000800120c        0xb /tmp/ccb9u08R.ltrans0.ltrans.o
 *fill*         0x0000000008001217        0x1 
 .rodata.__func__.5750
                0x0000000008001218       0x14 /tmp/ccb9u08R.ltrans0.ltrans.o
 .rodata.__func__.5751
                0x000000000800122c       0x11 /tmp/ccb9u08R.ltrans0.ltrans.o
 *fill*         0x000000000800123d        0x3 
 .rodata.__func__.5766
                0x0000000008001240        0xc /tmp/ccb9u08R.ltrans0.ltrans.o
 .rodata.__func__.5802
                0x000000000800124c        0xb /tmp/ccb9u08R.ltrans0.ltrans.o
 *fill*         0x0000000008001257        0x1 
 .rodata.__func__.5770
                0x0000000008001258        0xc /tmp/ccb9u08R.ltrans0.ltrans.o
 .rodata.__func__.5765
                0x0000000008001264        0xc /tmp/ccb9u08R.ltrans0.ltrans.o
 .rodata.ram_areas
                0x0000000008001270       0x80 /tmp/ccb9u08R.ltrans0.ltrans.o
 .rodata.__func__.5769
                0x00000000080012f0        0xb /tmp/ccb9u08R.ltrans0.ltrans.o
 *fill*         0x00000000080012fb        0x1 
 .rodata.ch_debug
                0x00000000080012fc       0x16 /tmp/ccb9u08R.ltrans0.ltrans.o
 *fill*         0x0000000008001312        0x2 
 .rodata.__func__.5780
                0x0000000008001314        0xd /tmp/ccb9u08R.ltrans0.ltrans.o
 *fill*         0x0000000008001321        0x3 
 .rodata.__func__.5787
                0x0000000008001324        0xd /tmp/ccb9u08R.ltrans0.ltrans.o
 *fill*         0x0000000008001331        0x3 
 .rodata.__func__.5065.lto_priv.20
                0x0000000008001334        0xc /tmp/ccb9u08R.ltrans0.ltrans.o
 .rodata.__func__.5065.lto_priv.21
                0x0000000008001340        0xc /tmp/ccb9u08R.ltrans0.ltrans.o
 .rodata.__func__.5065.lto_priv.22
                0x000000000800134c        0xc /tmp/ccb9u08R.ltrans0.ltrans.o
 .rodata.__func__.5065.lto_priv.19
                0x0000000008001358        0xc /tmp/ccb9u08R.ltrans0.ltrans.o
 .rodata.__func__.5775
                0x0000000008001364       0x12 /tmp/ccb9u08R.ltrans0.ltrans.o
 *fill*         0x0000000008001376        0x2 
 .rodata.str1.4
                0x0000000008001378       0x68 /tmp/ccb9u08R.ltrans0.ltrans.o
                                         0x67 (size before relaxing)
                0x00000000080013e0                . = ALIGN (0x4)
                0x00000000080013e0                __rodata_end__ = .

.rel.dyn        0x00000000080013e0        0x0
 .rel.iplt      0x00000000080013e0        0x0 build/obj/crt0_v6m.o

.ARM.extab
 *(.ARM.extab* .gnu.linkonce.armextab.*)

.ARM.exidx      0x00000000080013e0        0x0
                0x00000000080013e0                __exidx_start = .
 *(.ARM.exidx* .gnu.linkonce.armexidx.*)
                0x00000000080013e0                __exidx_end = .

.eh_frame_hdr
 *(.eh_frame_hdr)

.eh_frame
 *(.eh_frame)
                0x0000000020000000                __ram0_start__ = ORIGIN (ram0)
                0x0000000000001800                __ram0_size__ = LENGTH (ram0)
                0x0000000020001800                __ram0_end__ = (__ram0_start__ + __ram0_size__)
                0x0000000000000000                __ram1_start__ = ORIGIN (ram1)
                0x0000000000000000                __ram1_size__ = LENGTH (ram1)
                0x0000000000000000                __ram1_end__ = (__ram1_start__ + __ram1_size__)
                0x0000000000000000                __ram2_start__ = ORIGIN (ram2)
                0x0000000000000000                __ram2_size__ = LENGTH (ram2)
                0x0000000000000000                __ram2_end__ = (__ram2_start__ + __ram2_size__)
                0x0000000000000000                __ram3_start__ = ORIGIN (ram3)
                0x0000000000000000                __ram3_size__ = LENGTH (ram3)
                0x0000000000000000                __ram3_end__ = (__ram3_start__ + __ram3_size__)
                0x0000000000000000                __ram4_start__ = ORIGIN (ram4)
                0x0000000000000000                __ram4_size__ = LENGTH (ram4)
                0x0000000000000000                __ram4_end__ = (__ram4_start__ + __ram4_size__)
                0x0000000000000000                __ram5_start__ = ORIGIN (ram5)
                0x0000000000000000                __ram5_size__ = LENGTH (ram5)
                0x0000000000000000                __ram5_end__ = (__ram5_start__ + __ram5_size__)
                0x0000000000000000                __ram6_start__ = ORIGIN (ram6)
                0x0000000000000000                __ram6_size__ = LENGTH (ram6)
                0x0000000000000000                __ram6_end__ = (__ram6_start__ + __ram6_size__)
                0x0000000000000000                __ram7_start__ = ORIGIN (ram7)
                0x0000000000000000                __ram7_size__ = LENGTH (ram7)
                0x0000000000000000                __ram7_end__ = (__ram7_start__ + __ram7_size__)

.data           0x0000000020000400        0x0 load address 0x00000000080013e0
                0x0000000020000400                . = ALIGN (0x4)
                0x00000000080013e0                PROVIDE (_textdata, LOADADDR (.data))
                0x0000000020000400                PROVIDE (_data, .)
                0x00000000080013e0                _textdata_start = LOADADDR (.data)
                0x0000000020000400                _data_start = .
 *(.data)
 *(.data.*)
 *(.ramtext)
                0x0000000020000400                . = ALIGN (0x4)
                0x0000000020000400                PROVIDE (_edata, .)
                0x0000000020000400                _data_end = .

.igot.plt       0x0000000020000400        0x0 load address 0x00000000080013e0
 .igot.plt      0x0000000020000400        0x0 build/obj/crt0_v6m.o

.bss            0x0000000020000400      0x300 load address 0x00000000080013e0
                0x0000000020000400                . = ALIGN (0x4)
                0x0000000020000400                _bss_start = .
 *(.bss)
 *(.bss.*)
 .bss.default_heap
                0x0000000020000400       0x20 /tmp/ccb9u08R.ltrans0.ltrans.o
 .bss.ch        0x0000000020000420       0x7c /tmp/ccb9u08R.ltrans0.ltrans.o
 .bss.PWMD2     0x000000002000049c       0x1c /tmp/ccb9u08R.ltrans0.ltrans.o
 .bss.PWMD3     0x00000000200004b8       0x1c /tmp/ccb9u08R.ltrans0.ltrans.o
 .bss.endmem    0x00000000200004d4        0x4 /tmp/ccb9u08R.ltrans0.ltrans.o
 .bss.waThread1
                0x00000000200004d8      0x148 /tmp/ccb9u08R.ltrans0.ltrans.o
 .bss.nextmem   0x0000000020000620        0x4 /tmp/ccb9u08R.ltrans0.ltrans.o
 *fill*         0x0000000020000624        0x4 
 .bss.ch_idle_thread_wa
                0x0000000020000628       0xd8 /tmp/ccb9u08R.ltrans0.ltrans.o
 *(COMMON)
                0x0000000020000700                . = ALIGN (0x4)
                0x0000000020000700                _bss_end = .
                [!provide]                        PROVIDE (end, .)

.ram0_init      0x0000000020000700        0x0 load address 0x00000000080013e0
                0x0000000020000700                . = ALIGN (0x4)
                0x00000000080013e0                __ram0_init_text__ = LOADADDR (.ram0_init)
                0x0000000020000700                __ram0_init__ = .
 *(.ram0_init)
 *(.ram0_init.*)
                0x0000000020000700                . = ALIGN (0x4)

.ram0           0x0000000020000700        0x0 load address 0x00000000080013e0
                0x0000000020000700                . = ALIGN (0x4)
                0x0000000020000700                __ram0_clear__ = .
 *(.ram0_clear)
 *(.ram0_clear.*)
                0x0000000020000700                . = ALIGN (0x4)
                0x0000000020000700                __ram0_noinit__ = .
 *(.ram0)
 *(.ram0.*)
                0x0000000020000700                . = ALIGN (0x4)
                0x0000000020000700                __ram0_free__ = .

.ram1_init      0x0000000000000000        0x0 load address 0x00000000080013e0
                0x0000000000000000                . = ALIGN (0x4)
                0x00000000080013e0                __ram1_init_text__ = LOADADDR (.ram1_init)
                0x0000000000000000                __ram1_init__ = .
 *(.ram1_init)
 *(.ram1_init.*)
                0x0000000000000000                . = ALIGN (0x4)

.ram1           0x0000000000000000        0x0 load address 0x00000000080013e0
                0x0000000000000000                . = ALIGN (0x4)
                0x0000000000000000                __ram1_clear__ = .
 *(.ram1_clear)
 *(.ram1_clear.*)
                0x0000000000000000                . = ALIGN (0x4)
                0x0000000000000000                __ram1_noinit__ = .
 *(.ram1)
 *(.ram1.*)
                0x0000000000000000                . = ALIGN (0x4)
                0x0000000000000000                __ram1_free__ = .

.ram2_init      0x0000000000000000        0x0 load address 0x00000000080013e0
                0x0000000000000000                . = ALIGN (0x4)
                0x00000000080013e0                __ram2_init_text__ = LOADADDR (.ram2_init)
                0x0000000000000000                __ram2_init__ = .
 *(.ram2_init)
 *(.ram2_init.*)
                0x0000000000000000                . = ALIGN (0x4)

.ram2           0x0000000000000000        0x0 load address 0x00000000080013e0
                0x0000000000000000                . = ALIGN (0x4)
                0x0000000000000000                __ram2_clear__ = .
 *(.ram2_clear)
 *(.ram2_clear.*)
                0x0000000000000000                . = ALIGN (0x4)
                0x0000000000000000                __ram2_noinit__ = .
 *(.ram2)
 *(.ram2.*)
                0x0000000000000000                . = ALIGN (0x4)
                0x0000000000000000                __ram2_free__ = .

.ram3_init      0x0000000000000000        0x0 load address 0x00000000080013e0
                0x0000000000000000                . = ALIGN (0x4)
                0x00000000080013e0                __ram3_init_text__ = LOADADDR (.ram3_init)
                0x0000000000000000                __ram3_init__ = .
 *(.ram3_init)
 *(.ram3_init.*)
                0x0000000000000000                . = ALIGN (0x4)

.ram3           0x0000000000000000        0x0 load address 0x00000000080013e0
                0x0000000000000000                . = ALIGN (0x4)
                0x0000000000000000                __ram3_clear__ = .
 *(.ram3_clear)
 *(.ram3_clear.*)
                0x0000000000000000                . = ALIGN (0x4)
                0x0000000000000000                __ram3_noinit__ = .
 *(.ram3)
 *(.ram3.*)
                0x0000000000000000                . = ALIGN (0x4)
                0x0000000000000000                __ram3_free__ = .

.ram4_init      0x0000000000000000        0x0 load address 0x00000000080013e0
                0x0000000000000000                . = ALIGN (0x4)
                0x00000000080013e0                __ram4_init_text__ = LOADADDR (.ram4_init)
                0x0000000000000000                __ram4_init__ = .
 *(.ram4_init)
 *(.ram4_init.*)
                0x0000000000000000                . = ALIGN (0x4)

.ram4           0x0000000000000000        0x0 load address 0x00000000080013e0
                0x0000000000000000                . = ALIGN (0x4)
                0x0000000000000000                __ram4_clear__ = .
 *(.ram4_clear)
 *(.ram4_clear.*)
                0x0000000000000000                . = ALIGN (0x4)
                0x0000000000000000                __ram4_noinit__ = .
 *(.ram4)
 *(.ram4.*)
                0x0000000000000000                . = ALIGN (0x4)
                0x0000000000000000                __ram4_free__ = .

.ram5_init      0x0000000000000000        0x0 load address 0x00000000080013e0
                0x0000000000000000                . = ALIGN (0x4)
                0x00000000080013e0                __ram5_init_text__ = LOADADDR (.ram5_init)
                0x0000000000000000                __ram5_init__ = .
 *(.ram5_init)
 *(.ram5_init.*)
                0x0000000000000000                . = ALIGN (0x4)

.ram5           0x0000000000000000        0x0 load address 0x00000000080013e0
                0x0000000000000000                . = ALIGN (0x4)
                0x0000000000000000                __ram5_clear__ = .
 *(.ram5_clear)
 *(.ram5_clear.*)
                0x0000000000000000                . = ALIGN (0x4)
                0x0000000000000000                __ram5_noinit__ = .
 *(.ram5)
 *(.ram5.*)
                0x0000000000000000                . = ALIGN (0x4)
                0x0000000000000000                __ram5_free__ = .

.ram6_init      0x0000000000000000        0x0 load address 0x00000000080013e0
                0x0000000000000000                . = ALIGN (0x4)
                0x00000000080013e0                __ram6_init_text__ = LOADADDR (.ram6_init)
                0x0000000000000000                __ram6_init__ = .
 *(.ram6_init)
 *(.ram6_init.*)
                0x0000000000000000                . = ALIGN (0x4)

.ram6           0x0000000000000000        0x0 load address 0x00000000080013e0
                0x0000000000000000                . = ALIGN (0x4)
                0x0000000000000000                __ram6_clear__ = .
 *(.ram6_clear)
 *(.ram6_clear.*)
                0x0000000000000000                . = ALIGN (0x4)
                0x0000000000000000                __ram6_noinit__ = .
 *(.ram6)
 *(.ram6.*)
                0x0000000000000000                . = ALIGN (0x4)
                0x0000000000000000                __ram6_free__ = .

.ram7_init      0x0000000000000000        0x0 load address 0x00000000080013e0
                0x0000000000000000                . = ALIGN (0x4)
                0x00000000080013e0                __ram7_init_text__ = LOADADDR (.ram7_init)
                0x0000000000000000                __ram7_init__ = .
 *(.ram7_init)
 *(.ram7_init.*)
                0x0000000000000000                . = ALIGN (0x4)

.ram7           0x0000000000000000        0x0 load address 0x00000000080013e0
                0x0000000000000000                . = ALIGN (0x4)
                0x0000000000000000                __ram7_clear__ = .
 *(.ram7_clear)
 *(.ram7_clear.*)
                0x0000000000000000                . = ALIGN (0x4)
                0x0000000000000000                __ram7_noinit__ = .
 *(.ram7)
 *(.ram7.*)
                0x0000000000000000                . = ALIGN (0x4)
                0x0000000000000000                __ram7_free__ = .

.heap           0x0000000020000700     0x1100
                0x0000000020000700                . = ALIGN (0x8)
                0x0000000020000700                __heap_base__ = .
                0x0000000020001800                . = (ORIGIN (HEAP_RAM) + LENGTH (HEAP_RAM))
 *fill*         0x0000000020000700     0x1100 
                0x0000000020001800                __heap_end__ = .
                0x0000000000000200                __process_stack_size__ = 0x200
                0x0000000000000200                __main_stack_size__ = 0x200
START GROUP
LOAD /usr/bin/../lib/gcc/arm-none-eabi/5.4.1/armv6-m/libgcc.a
LOAD /usr/bin/../lib/gcc/arm-none-eabi/5.4.1/../../../../arm-none-eabi/lib/armv6-m/libg.a
LOAD /usr/bin/../lib/gcc/arm-none-eabi/5.4.1/../../../../arm-none-eabi/lib/armv6-m/libc.a
END GROUP
OUTPUT(build/yuletronics.elf elf32-littlearm)

.ARM.attributes
                0x0000000000000000       0x2b
 .ARM.attributes
                0x0000000000000000       0x21 build/obj/crt0_v6m.o
 .ARM.attributes
                0x0000000000000021       0x21 build/obj/chcoreasm_v6m.o
 .ARM.attributes
                0x0000000000000042       0x2f /tmp/ccb9u08R.ltrans0.ltrans.o

.comment        0x0000000000000000       0x6e
 .comment       0x0000000000000000       0x6e /tmp/ccb9u08R.ltrans0.ltrans.o
                                         0x6f (size before relaxing)

.debug_info     0x0000000000000000     0x4241
 .debug_info    0x0000000000000000     0x4241 /tmp/ccb9u08R.ltrans0.ltrans.o

.debug_abbrev   0x0000000000000000      0x5f7
 .debug_abbrev  0x0000000000000000      0x5f7 /tmp/ccb9u08R.ltrans0.ltrans.o

.debug_loc      0x0000000000000000     0x11c1
 .debug_loc     0x0000000000000000     0x11c1 /tmp/ccb9u08R.ltrans0.ltrans.o

.debug_aranges  0x0000000000000000      0x110
 .debug_aranges
                0x0000000000000000      0x110 /tmp/ccb9u08R.ltrans0.ltrans.o

.debug_ranges   0x0000000000000000      0x8f8
 .debug_ranges  0x0000000000000000      0x8f8 /tmp/ccb9u08R.ltrans0.ltrans.o

.debug_line     0x0000000000000000     0x10ec
 .debug_line    0x0000000000000000     0x10ec /tmp/ccb9u08R.ltrans0.ltrans.o

.debug_str      0x0000000000000000      0xfec
 .debug_str     0x0000000000000000      0xfec /tmp/ccb9u08R.ltrans0.ltrans.o
                                       0x10c7 (size before relaxing)

.debug_frame    0x0000000000000000      0x2e8
 .debug_frame   0x0000000000000000      0x2e8 /tmp/ccb9u08R.ltrans0.ltrans.o

Cross Reference Table

Symbol                                            File
BusFault_Handler                                  build/obj/vectors.o (symbol from plugin)
DebugMon_Handler                                  build/obj/vectors.o (symbol from plugin)
HardFault_Handler                                 build/obj/vectors.o (symbol from plugin)
MemManage_Handler                                 build/obj/vectors.o (symbol from plugin)
NMI_Handler                                       build/obj/chcore_v6m.o (symbol from plugin)
                                                  build/obj/vectors.o (symbol from plugin)
PWMD2                                             build/obj/hal_pwm_lld.o (symbol from plugin)
PWMD3                                             build/obj/hal_pwm_lld.o (symbol from plugin)
PendSV_Handler                                    build/obj/vectors.o (symbol from plugin)
Reset_Handler                                     build/obj/crt0_v6m.o
                                                  /tmp/ccb9u08R.ltrans0.ltrans.o
                                                  build/obj/vectors.o (symbol from plugin)
SVC_Handler                                       build/obj/vectors.o (symbol from plugin)
SysTick_Handler                                   build/obj/hal_st_lld.o (symbol from plugin)
                                                  build/obj/vectors.o (symbol from plugin)
SystemCoreClock                                   build/obj/hal_lld.o (symbol from plugin)
UsageFault_Handler                                build/obj/vectors.o (symbol from plugin)
Vector1C                                          build/obj/vectors.o (symbol from plugin)
Vector20                                          build/obj/vectors.o (symbol from plugin)
Vector24                                          build/obj/vectors.o (symbol from plugin)
Vector28                                          build/obj/vectors.o (symbol from plugin)
Vector34                                          build/obj/vectors.o (symbol from plugin)
Vector40                                          build/obj/vectors.o (symbol from plugin)
Vector44                                          build/obj/vectors.o (symbol from plugin)
Vector48                                          build/obj/vectors.o (symbol from plugin)
Vector4C                                          build/obj/vectors.o (symbol from plugin)
Vector50                                          build/obj/vectors.o (symbol from plugin)
Vector54                                          build/obj/vectors.o (symbol from plugin)
Vector58                                          build/obj/vectors.o (symbol from plugin)
Vector5C                                          build/obj/vectors.o (symbol from plugin)
Vector60                                          build/obj/vectors.o (symbol from plugin)
Vector64                                          build/obj/vectors.o (symbol from plugin)
Vector68                                          build/obj/vectors.o (symbol from plugin)
Vector6C                                          build/obj/vectors.o (symbol from plugin)
Vector70                                          build/obj/vectors.o (symbol from plugin)
Vector74                                          build/obj/vectors.o (symbol from plugin)
Vector78                                          build/obj/vectors.o (symbol from plugin)
Vector7C                                          build/obj/hal_pwm_lld.o (symbol from plugin)
                                                  build/obj/vectors.o (symbol from plugin)
Vector80                                          build/obj/hal_pwm_lld.o (symbol from plugin)
                                                  build/obj/vectors.o (symbol from plugin)
Vector84                                          build/obj/vectors.o (symbol from plugin)
Vector88                                          build/obj/vectors.o (symbol from plugin)
Vector8C                                          build/obj/vectors.o (symbol from plugin)
Vector90                                          build/obj/vectors.o (symbol from plugin)
Vector94                                          build/obj/vectors.o (symbol from plugin)
Vector98                                          build/obj/vectors.o (symbol from plugin)
Vector9C                                          build/obj/vectors.o (symbol from plugin)
VectorA0                                          build/obj/vectors.o (symbol from plugin)
VectorA4                                          build/obj/vectors.o (symbol from plugin)
VectorA8                                          build/obj/vectors.o (symbol from plugin)
VectorAC                                          build/obj/vectors.o (symbol from plugin)
VectorB0                                          build/obj/vectors.o (symbol from plugin)
VectorB4                                          build/obj/vectors.o (symbol from plugin)
VectorB8                                          build/obj/vectors.o (symbol from plugin)
VectorBC                                          build/obj/vectors.o (symbol from plugin)
__core_init                                       /tmp/ccb9u08R.ltrans0.ltrans.o
                                                  build/obj/crt1.o (symbol from plugin)
                                                  build/obj/crt0_v6m.o
__default_exit                                    /tmp/ccb9u08R.ltrans0.ltrans.o
                                                  build/obj/crt1.o (symbol from plugin)
                                                  build/obj/crt0_v6m.o
__early_init                                      /tmp/ccb9u08R.ltrans0.ltrans.o
                                                  build/obj/board.o (symbol from plugin)
                                                  build/obj/crt1.o (symbol from plugin)
                                                  build/obj/crt0_v6m.o
__fini_array_end                                  build/obj/crt0_v6m.o
__fini_array_start                                build/obj/crt0_v6m.o
__heap_base__                                     /tmp/ccb9u08R.ltrans0.ltrans.o
                                                  build/obj/chmemcore.o (symbol from plugin)
__heap_end__                                      /tmp/ccb9u08R.ltrans0.ltrans.o
                                                  build/obj/chmemcore.o (symbol from plugin)
__init_array_end                                  build/obj/crt0_v6m.o
__init_array_start                                build/obj/crt0_v6m.o
__init_ram_areas                                  /tmp/ccb9u08R.ltrans0.ltrans.o
                                                  build/obj/crt1.o (symbol from plugin)
                                                  build/obj/crt0_v6m.o
__late_init                                       /tmp/ccb9u08R.ltrans0.ltrans.o
                                                  build/obj/crt1.o (symbol from plugin)
                                                  build/obj/crt0_v6m.o
__main_stack_base__                               build/obj/crt0_v6m.o
__main_stack_end__                                /tmp/ccb9u08R.ltrans0.ltrans.o
                                                  build/obj/vectors.o (symbol from plugin)
                                                  build/obj/crt0_v6m.o
__main_thread_stack_base__                        /tmp/ccb9u08R.ltrans0.ltrans.o
                                                  build/obj/chsys.o (symbol from plugin)
__process_stack_base__                            build/obj/crt0_v6m.o
__process_stack_end__                             build/obj/crt0_v6m.o
__ram0_clear__                                    /tmp/ccb9u08R.ltrans0.ltrans.o
                                                  build/obj/crt1.o (symbol from plugin)
__ram0_init__                                     /tmp/ccb9u08R.ltrans0.ltrans.o
                                                  build/obj/crt1.o (symbol from plugin)
__ram0_init_text__                                /tmp/ccb9u08R.ltrans0.ltrans.o
                                                  build/obj/crt1.o (symbol from plugin)
__ram0_noinit__                                   /tmp/ccb9u08R.ltrans0.ltrans.o
                                                  build/obj/crt1.o (symbol from plugin)
__ram1_clear__                                    /tmp/ccb9u08R.ltrans0.ltrans.o
                                                  build/obj/crt1.o (symbol from plugin)
__ram1_init__                                     /tmp/ccb9u08R.ltrans0.ltrans.o
                                                  build/obj/crt1.o (symbol from plugin)
__ram1_init_text__                                /tmp/ccb9u08R.ltrans0.ltrans.o
                                                  build/obj/crt1.o (symbol from plugin)
__ram1_noinit__                                   /tmp/ccb9u08R.ltrans0.ltrans.o
                                                  build/obj/crt1.o (symbol from plugin)
__ram2_clear__                                    /tmp/ccb9u08R.ltrans0.ltrans.o
                                                  build/obj/crt1.o (symbol from plugin)
__ram2_init__                                     /tmp/ccb9u08R.ltrans0.ltrans.o
                                                  build/obj/crt1.o (symbol from plugin)
__ram2_init_text__                                /tmp/ccb9u08R.ltrans0.ltrans.o
                                                  build/obj/crt1.o (symbol from plugin)
__ram2_noinit__                                   /tmp/ccb9u08R.ltrans0.ltrans.o
                                                  build/obj/crt1.o (symbol from plugin)
__ram3_clear__                                    /tmp/ccb9u08R.ltrans0.ltrans.o
                                                  build/obj/crt1.o (symbol from plugin)
__ram3_init__                                     /tmp/ccb9u08R.ltrans0.ltrans.o
                                                  build/obj/crt1.o (symbol from plugin)
__ram3_init_text__                                /tmp/ccb9u08R.ltrans0.ltrans.o
                                                  build/obj/crt1.o (symbol from plugin)
__ram3_noinit__                                   /tmp/ccb9u08R.ltrans0.ltrans.o
                                                  build/obj/crt1.o (symbol from plugin)
__ram4_clear__                                    /tmp/ccb9u08R.ltrans0.ltrans.o
                                                  build/obj/crt1.o (symbol from plugin)
__ram4_init__                                     /tmp/ccb9u08R.ltrans0.ltrans.o
                                                  build/obj/crt1.o (symbol from plugin)
__ram4_init_text__                                /tmp/ccb9u08R.ltrans0.ltrans.o
                                                  build/obj/crt1.o (symbol from plugin)
__ram4_noinit__                                   /tmp/ccb9u08R.ltrans0.ltrans.o
                                                  build/obj/crt1.o (symbol from plugin)
__ram5_clear__                                    /tmp/ccb9u08R.ltrans0.ltrans.o
                                                  build/obj/crt1.o (symbol from plugin)
__ram5_init__                                     /tmp/ccb9u08R.ltrans0.ltrans.o
                                                  build/obj/crt1.o (symbol from plugin)
__ram5_init_text__                                /tmp/ccb9u08R.ltrans0.ltrans.o
                                                  build/obj/crt1.o (symbol from plugin)
__ram5_noinit__                                   /tmp/ccb9u08R.ltrans0.ltrans.o
                                                  build/obj/crt1.o (symbol from plugin)
__ram6_clear__                                    /tmp/ccb9u08R.ltrans0.ltrans.o
                                                  build/obj/crt1.o (symbol from plugin)
__ram6_init__                                     /tmp/ccb9u08R.ltrans0.ltrans.o
                                                  build/obj/crt1.o (symbol from plugin)
__ram6_init_text__                                /tmp/ccb9u08R.ltrans0.ltrans.o
                                                  build/obj/crt1.o (symbol from plugin)
__ram6_noinit__                                   /tmp/ccb9u08R.ltrans0.ltrans.o
                                                  build/obj/crt1.o (symbol from plugin)
__ram7_clear__                                    /tmp/ccb9u08R.ltrans0.ltrans.o
                                                  build/obj/crt1.o (symbol from plugin)
__ram7_init__                                     /tmp/ccb9u08R.ltrans0.ltrans.o
                                                  build/obj/crt1.o (symbol from plugin)
__ram7_init_text__                                /tmp/ccb9u08R.ltrans0.ltrans.o
                                                  build/obj/crt1.o (symbol from plugin)
__ram7_noinit__                                   /tmp/ccb9u08R.ltrans0.ltrans.o
                                                  build/obj/crt1.o (symbol from plugin)
_bss_end                                          build/obj/crt0_v6m.o
_bss_start                                        build/obj/crt0_v6m.o
_core_init                                        build/obj/chmemcore.o (symbol from plugin)
                                                  build/obj/chsys.o (symbol from plugin)
_data                                             build/obj/crt0_v6m.o
_dbg_check_disable                                build/obj/chdebug.o (symbol from plugin)
                                                  build/obj/test_sequence_001.o (symbol from plugin)
_dbg_check_enable                                 build/obj/chdebug.o (symbol from plugin)
                                                  build/obj/test_sequence_001.o (symbol from plugin)
                                                  build/obj/chsys.o (symbol from plugin)
_dbg_check_enter_isr                              build/obj/chdebug.o (symbol from plugin)
                                                  build/obj/hal_pwm_lld.o (symbol from plugin)
                                                  build/obj/hal_st_lld.o (symbol from plugin)
_dbg_check_leave_isr                              build/obj/chdebug.o (symbol from plugin)
                                                  build/obj/hal_pwm_lld.o (symbol from plugin)
                                                  build/obj/hal_st_lld.o (symbol from plugin)
_dbg_check_lock                                   /tmp/ccb9u08R.ltrans0.ltrans.o
                                                  build/obj/chdebug.o (symbol from plugin)
                                                  build/obj/test_sequence_012.o (symbol from plugin)
                                                  build/obj/test_sequence_008.o (symbol from plugin)
                                                  build/obj/test_sequence_007.o (symbol from plugin)
                                                  build/obj/test_sequence_005.o (symbol from plugin)
                                                  build/obj/test_sequence_004.o (symbol from plugin)
                                                  build/obj/test_sequence_003.o (symbol from plugin)
                                                  build/obj/test_sequence_002.o (symbol from plugin)
                                                  build/obj/test_sequence_001.o (symbol from plugin)
                                                  build/obj/test_root.o (symbol from plugin)
                                                  build/obj/ch_test.o (symbol from plugin)
                                                  build/obj/hal_pwm.o (symbol from plugin)
                                                  build/obj/hal_queues.o (symbol from plugin)
                                                  build/obj/hal_buffers.o (symbol from plugin)
                                                  build/obj/chmempools.o (symbol from plugin)
                                                  build/obj/chmemcore.o (symbol from plugin)
                                                  build/obj/chmboxes.o (symbol from plugin)
                                                  build/obj/chdynamic.o (symbol from plugin)
                                                  build/obj/chmsg.o (symbol from plugin)
                                                  build/obj/chevents.o (symbol from plugin)
                                                  build/obj/chcond.o (symbol from plugin)
                                                  build/obj/chmtx.o (symbol from plugin)
                                                  build/obj/chsem.o (symbol from plugin)
                                                  build/obj/chregistry.o (symbol from plugin)
                                                  build/obj/chthreads.o (symbol from plugin)
                                                  build/obj/chsys.o (symbol from plugin)
                                                  build/obj/chcoreasm_v6m.o
_dbg_check_lock_from_isr                          build/obj/chdebug.o (symbol from plugin)
                                                  build/obj/test_sequence_001.o (symbol from plugin)
                                                  build/obj/hal_st_lld.o (symbol from plugin)
                                                  build/obj/chschd.o (symbol from plugin)
                                                  build/obj/chsys.o (symbol from plugin)
_dbg_check_suspend                                build/obj/chdebug.o (symbol from plugin)
                                                  build/obj/test_sequence_001.o (symbol from plugin)
_dbg_check_unlock                                 /tmp/ccb9u08R.ltrans0.ltrans.o
                                                  build/obj/chdebug.o (symbol from plugin)
                                                  build/obj/test_sequence_012.o (symbol from plugin)
                                                  build/obj/test_sequence_008.o (symbol from plugin)
                                                  build/obj/test_sequence_007.o (symbol from plugin)
                                                  build/obj/test_sequence_005.o (symbol from plugin)
                                                  build/obj/test_sequence_004.o (symbol from plugin)
                                                  build/obj/test_sequence_003.o (symbol from plugin)
                                                  build/obj/test_sequence_002.o (symbol from plugin)
                                                  build/obj/test_sequence_001.o (symbol from plugin)
                                                  build/obj/test_root.o (symbol from plugin)
                                                  build/obj/ch_test.o (symbol from plugin)
                                                  build/obj/hal_pwm.o (symbol from plugin)
                                                  build/obj/hal_queues.o (symbol from plugin)
                                                  build/obj/hal_buffers.o (symbol from plugin)
                                                  build/obj/chmempools.o (symbol from plugin)
                                                  build/obj/chmemcore.o (symbol from plugin)
                                                  build/obj/chmboxes.o (symbol from plugin)
                                                  build/obj/chdynamic.o (symbol from plugin)
                                                  build/obj/chmsg.o (symbol from plugin)
                                                  build/obj/chevents.o (symbol from plugin)
                                                  build/obj/chcond.o (symbol from plugin)
                                                  build/obj/chmtx.o (symbol from plugin)
                                                  build/obj/chsem.o (symbol from plugin)
                                                  build/obj/chregistry.o (symbol from plugin)
                                                  build/obj/chthreads.o (symbol from plugin)
                                                  build/obj/chsys.o (symbol from plugin)
                                                  build/obj/chcoreasm_v6m.o
_dbg_check_unlock_from_isr                        build/obj/chdebug.o (symbol from plugin)
                                                  build/obj/test_sequence_001.o (symbol from plugin)
                                                  build/obj/hal_st_lld.o (symbol from plugin)
                                                  build/obj/chschd.o (symbol from plugin)
                                                  build/obj/chsys.o (symbol from plugin)
_edata                                            build/obj/crt0_v6m.o
_heap_init                                        build/obj/chheap.o (symbol from plugin)
                                                  build/obj/chsys.o (symbol from plugin)
_pal_lld_init                                     build/obj/hal_pal_lld.o (symbol from plugin)
                                                  build/obj/hal.o (symbol from plugin)
_pal_lld_setgroupmode                             build/obj/hal_pal_lld.o (symbol from plugin)
                                                  build/obj/hal_pal.o (symbol from plugin)
_port_exit_from_isr                               build/obj/chcoreasm_v6m.o
                                                  /tmp/ccb9u08R.ltrans0.ltrans.o
                                                  build/obj/chcore_v6m.o (symbol from plugin)
_port_irq_epilogue                                build/obj/chcore_v6m.o (symbol from plugin)
                                                  build/obj/hal_pwm_lld.o (symbol from plugin)
                                                  build/obj/hal_st_lld.o (symbol from plugin)
_port_switch                                      build/obj/chcoreasm_v6m.o
                                                  /tmp/ccb9u08R.ltrans0.ltrans.o
                                                  build/obj/chschd.o (symbol from plugin)
_port_switch_from_isr                             build/obj/chcoreasm_v6m.o
                                                  /tmp/ccb9u08R.ltrans0.ltrans.o
                                                  build/obj/chcore_v6m.o (symbol from plugin)
_port_thread_start                                build/obj/chcoreasm_v6m.o
                                                  /tmp/ccb9u08R.ltrans0.ltrans.o
                                                  build/obj/chthreads.o (symbol from plugin)
_scheduler_init                                   build/obj/chschd.o (symbol from plugin)
                                                  build/obj/chsys.o (symbol from plugin)
_test_assert                                      build/obj/ch_test.o (symbol from plugin)
                                                  build/obj/test_sequence_011.o (symbol from plugin)
                                                  build/obj/test_sequence_010.o (symbol from plugin)
                                                  build/obj/test_sequence_009.o (symbol from plugin)
                                                  build/obj/test_sequence_008.o (symbol from plugin)
                                                  build/obj/test_sequence_007.o (symbol from plugin)
                                                  build/obj/test_sequence_005.o (symbol from plugin)
                                                  build/obj/test_sequence_004.o (symbol from plugin)
                                                  build/obj/test_sequence_003.o (symbol from plugin)
                                                  build/obj/test_sequence_002.o (symbol from plugin)
                                                  build/obj/test_sequence_001.o (symbol from plugin)
_test_assert_sequence                             build/obj/ch_test.o (symbol from plugin)
                                                  build/obj/test_sequence_011.o (symbol from plugin)
                                                  build/obj/test_sequence_008.o (symbol from plugin)
                                                  build/obj/test_sequence_007.o (symbol from plugin)
                                                  build/obj/test_sequence_006.o (symbol from plugin)
                                                  build/obj/test_sequence_005.o (symbol from plugin)
                                                  build/obj/test_sequence_004.o (symbol from plugin)
                                                  build/obj/test_sequence_002.o (symbol from plugin)
_test_assert_time_window                          build/obj/ch_test.o (symbol from plugin)
                                                  build/obj/test_sequence_007.o (symbol from plugin)
                                                  build/obj/test_sequence_004.o (symbol from plugin)
                                                  build/obj/test_sequence_003.o (symbol from plugin)
                                                  build/obj/test_sequence_002.o (symbol from plugin)
_test_fail                                        build/obj/ch_test.o (symbol from plugin)
_textdata                                         build/obj/crt0_v6m.o
_thread_init                                      build/obj/chthreads.o (symbol from plugin)
                                                  build/obj/chsys.o (symbol from plugin)
_thread_memfill                                   build/obj/chthreads.o (symbol from plugin)
                                                  build/obj/chdynamic.o (symbol from plugin)
_unhandled_exception                              build/obj/vectors.o (symbol from plugin)
_vectors                                          /tmp/ccb9u08R.ltrans0.ltrans.o
                                                  build/obj/vectors.o (symbol from plugin)
_vt_init                                          build/obj/chvt.o (symbol from plugin)
                                                  build/obj/chsys.o (symbol from plugin)
boardInit                                         build/obj/board.o (symbol from plugin)
                                                  build/obj/hal.o (symbol from plugin)
ch                                                build/obj/chschd.o (symbol from plugin)
                                                  build/obj/main.o (symbol from plugin)
                                                  build/obj/test_sequence_012.o (symbol from plugin)
                                                  build/obj/test_sequence_011.o (symbol from plugin)
                                                  build/obj/test_sequence_008.o (symbol from plugin)
                                                  build/obj/test_sequence_007.o (symbol from plugin)
                                                  build/obj/test_sequence_006.o (symbol from plugin)
                                                  build/obj/test_sequence_005.o (symbol from plugin)
                                                  build/obj/test_sequence_004.o (symbol from plugin)
                                                  build/obj/test_sequence_003.o (symbol from plugin)
                                                  build/obj/test_sequence_002.o (symbol from plugin)
                                                  build/obj/test_sequence_001.o (symbol from plugin)
                                                  build/obj/test_root.o (symbol from plugin)
                                                  build/obj/ch_test.o (symbol from plugin)
                                                  build/obj/hal_pwm.o (symbol from plugin)
                                                  build/obj/hal_queues.o (symbol from plugin)
                                                  build/obj/hal_buffers.o (symbol from plugin)
                                                  build/obj/chmempools.o (symbol from plugin)
                                                  build/obj/chmemcore.o (symbol from plugin)
                                                  build/obj/chmboxes.o (symbol from plugin)
                                                  build/obj/chdynamic.o (symbol from plugin)
                                                  build/obj/chmsg.o (symbol from plugin)
                                                  build/obj/chevents.o (symbol from plugin)
                                                  build/obj/chcond.o (symbol from plugin)
                                                  build/obj/chmtx.o (symbol from plugin)
                                                  build/obj/chsem.o (symbol from plugin)
                                                  build/obj/chregistry.o (symbol from plugin)
                                                  build/obj/chthreads.o (symbol from plugin)
                                                  build/obj/chvt.o (symbol from plugin)
                                                  build/obj/chdebug.o (symbol from plugin)
                                                  build/obj/chsys.o (symbol from plugin)
chCondBroadcast                                   build/obj/chcond.o (symbol from plugin)
                                                  build/obj/test_sequence_005.o (symbol from plugin)
chCondBroadcastI                                  build/obj/chcond.o (symbol from plugin)
chCondObjectInit                                  build/obj/chcond.o (symbol from plugin)
                                                  build/obj/test_sequence_005.o (symbol from plugin)
chCondSignal                                      build/obj/chcond.o (symbol from plugin)
                                                  build/obj/test_sequence_005.o (symbol from plugin)
chCondSignalI                                     build/obj/chcond.o (symbol from plugin)
                                                  build/obj/test_sequence_005.o (symbol from plugin)
chCondWait                                        build/obj/chcond.o (symbol from plugin)
                                                  build/obj/test_sequence_005.o (symbol from plugin)
chCondWaitS                                       build/obj/chcond.o (symbol from plugin)
chCondWaitTimeout                                 build/obj/chcond.o (symbol from plugin)
                                                  build/obj/test_sequence_005.o (symbol from plugin)
chCondWaitTimeoutS                                build/obj/chcond.o (symbol from plugin)
chCoreAllocAligned                                build/obj/chmemcore.o (symbol from plugin)
                                                  build/obj/chheap.o (symbol from plugin)
chCoreAllocAlignedI                               build/obj/chmemcore.o (symbol from plugin)
chCoreGetStatusX                                  build/obj/chmemcore.o (symbol from plugin)
chDbgCheckClassI                                  build/obj/chdebug.o (symbol from plugin)
                                                  build/obj/test_sequence_008.o (symbol from plugin)
                                                  build/obj/test_sequence_004.o (symbol from plugin)
                                                  build/obj/test_sequence_001.o (symbol from plugin)
                                                  build/obj/hal_queues.o (symbol from plugin)
                                                  build/obj/hal_buffers.o (symbol from plugin)
                                                  build/obj/chmempools.o (symbol from plugin)
                                                  build/obj/chmemcore.o (symbol from plugin)
                                                  build/obj/chmboxes.o (symbol from plugin)
                                                  build/obj/chmsg.o (symbol from plugin)
                                                  build/obj/chevents.o (symbol from plugin)
                                                  build/obj/chcond.o (symbol from plugin)
                                                  build/obj/chsem.o (symbol from plugin)
                                                  build/obj/chthreads.o (symbol from plugin)
                                                  build/obj/chschd.o (symbol from plugin)
                                                  build/obj/chvt.o (symbol from plugin)
                                                  build/obj/chsys.o (symbol from plugin)
chDbgCheckClassS                                  build/obj/chdebug.o (symbol from plugin)
                                                  build/obj/hal_buffers.o (symbol from plugin)
                                                  build/obj/chmboxes.o (symbol from plugin)
                                                  build/obj/chmsg.o (symbol from plugin)
                                                  build/obj/chcond.o (symbol from plugin)
                                                  build/obj/chmtx.o (symbol from plugin)
                                                  build/obj/chsem.o (symbol from plugin)
                                                  build/obj/chthreads.o (symbol from plugin)
                                                  build/obj/chschd.o (symbol from plugin)
chEvtAddEvents                                    build/obj/chevents.o (symbol from plugin)
                                                  build/obj/test_sequence_007.o (symbol from plugin)
chEvtBroadcastFlags                               build/obj/chevents.o (symbol from plugin)
                                                  build/obj/test_sequence_007.o (symbol from plugin)
chEvtBroadcastFlagsI                              build/obj/chevents.o (symbol from plugin)
chEvtDispatch                                     build/obj/chevents.o (symbol from plugin)
                                                  build/obj/test_sequence_007.o (symbol from plugin)
chEvtGetAndClearEvents                            build/obj/chevents.o (symbol from plugin)
                                                  build/obj/test_sequence_007.o (symbol from plugin)
chEvtGetAndClearFlags                             build/obj/chevents.o (symbol from plugin)
chEvtGetAndClearFlagsI                            build/obj/chevents.o (symbol from plugin)
chEvtRegisterMaskWithFlags                        build/obj/chevents.o (symbol from plugin)
                                                  build/obj/test_sequence_007.o (symbol from plugin)
chEvtSignal                                       build/obj/chevents.o (symbol from plugin)
                                                  build/obj/test_sequence_007.o (symbol from plugin)
chEvtSignalI                                      build/obj/chevents.o (symbol from plugin)
chEvtUnregister                                   build/obj/chevents.o (symbol from plugin)
                                                  build/obj/test_sequence_007.o (symbol from plugin)
chEvtWaitAll                                      build/obj/chevents.o (symbol from plugin)
                                                  build/obj/test_sequence_007.o (symbol from plugin)
chEvtWaitAllTimeout                               build/obj/chevents.o (symbol from plugin)
                                                  build/obj/test_sequence_007.o (symbol from plugin)
chEvtWaitAny                                      build/obj/chevents.o (symbol from plugin)
                                                  build/obj/test_sequence_007.o (symbol from plugin)
chEvtWaitAnyTimeout                               build/obj/chevents.o (symbol from plugin)
                                                  build/obj/test_sequence_007.o (symbol from plugin)
chEvtWaitOne                                      build/obj/chevents.o (symbol from plugin)
                                                  build/obj/test_sequence_007.o (symbol from plugin)
chEvtWaitOneTimeout                               build/obj/chevents.o (symbol from plugin)
                                                  build/obj/test_sequence_007.o (symbol from plugin)
chGuardedPoolAllocTimeout                         build/obj/chmempools.o (symbol from plugin)
                                                  build/obj/test_sequence_009.o (symbol from plugin)
chGuardedPoolAllocTimeoutS                        build/obj/chmempools.o (symbol from plugin)
chGuardedPoolFree                                 build/obj/chmempools.o (symbol from plugin)
                                                  build/obj/test_sequence_009.o (symbol from plugin)
chGuardedPoolFreeI                                build/obj/chmempools.o (symbol from plugin)
chGuardedPoolLoadArray                            build/obj/chmempools.o (symbol from plugin)
                                                  build/obj/test_sequence_009.o (symbol from plugin)
chGuardedPoolObjectInit                           build/obj/chmempools.o (symbol from plugin)
                                                  build/obj/test_sequence_009.o (symbol from plugin)
chHeapAllocAligned                                build/obj/chheap.o (symbol from plugin)
                                                  build/obj/test_sequence_010.o (symbol from plugin)
                                                  build/obj/chdynamic.o (symbol from plugin)
chHeapFree                                        build/obj/chheap.o (symbol from plugin)
                                                  build/obj/test_sequence_010.o (symbol from plugin)
                                                  build/obj/chthreads.o (symbol from plugin)
chHeapObjectInit                                  build/obj/chheap.o (symbol from plugin)
                                                  build/obj/test_sequence_011.o (symbol from plugin)
                                                  build/obj/test_sequence_010.o (symbol from plugin)
chHeapStatus                                      build/obj/chheap.o (symbol from plugin)
                                                  build/obj/test_sequence_011.o (symbol from plugin)
                                                  build/obj/test_sequence_010.o (symbol from plugin)
chMBFetch                                         build/obj/chmboxes.o (symbol from plugin)
                                                  build/obj/test_sequence_008.o (symbol from plugin)
chMBFetchI                                        build/obj/chmboxes.o (symbol from plugin)
                                                  build/obj/test_sequence_008.o (symbol from plugin)
chMBFetchS                                        build/obj/chmboxes.o (symbol from plugin)
chMBObjectInit                                    build/obj/chmboxes.o (symbol from plugin)
                                                  build/obj/test_sequence_008.o (symbol from plugin)
chMBPost                                          build/obj/chmboxes.o (symbol from plugin)
                                                  build/obj/test_sequence_008.o (symbol from plugin)
chMBPostAhead                                     build/obj/chmboxes.o (symbol from plugin)
                                                  build/obj/test_sequence_008.o (symbol from plugin)
chMBPostAheadI                                    build/obj/chmboxes.o (symbol from plugin)
                                                  build/obj/test_sequence_008.o (symbol from plugin)
chMBPostAheadS                                    build/obj/chmboxes.o (symbol from plugin)
chMBPostI                                         build/obj/chmboxes.o (symbol from plugin)
                                                  build/obj/test_sequence_008.o (symbol from plugin)
chMBPostS                                         build/obj/chmboxes.o (symbol from plugin)
chMBReset                                         build/obj/chmboxes.o (symbol from plugin)
                                                  build/obj/test_sequence_008.o (symbol from plugin)
chMBResetI                                        build/obj/chmboxes.o (symbol from plugin)
                                                  build/obj/test_sequence_008.o (symbol from plugin)
chMsgRelease                                      build/obj/chmsg.o (symbol from plugin)
                                                  build/obj/test_sequence_012.o (symbol from plugin)
                                                  build/obj/test_sequence_006.o (symbol from plugin)
chMsgSend                                         build/obj/chmsg.o (symbol from plugin)
                                                  build/obj/test_sequence_012.o (symbol from plugin)
                                                  build/obj/test_sequence_006.o (symbol from plugin)
chMsgWait                                         build/obj/chmsg.o (symbol from plugin)
                                                  build/obj/test_sequence_012.o (symbol from plugin)
                                                  build/obj/test_sequence_006.o (symbol from plugin)
chMtxLock                                         build/obj/chmtx.o (symbol from plugin)
                                                  build/obj/test_sequence_012.o (symbol from plugin)
                                                  build/obj/test_sequence_005.o (symbol from plugin)
                                                  build/obj/chheap.o (symbol from plugin)
chMtxLockS                                        build/obj/chmtx.o (symbol from plugin)
                                                  build/obj/test_sequence_005.o (symbol from plugin)
                                                  build/obj/chcond.o (symbol from plugin)
chMtxObjectInit                                   build/obj/chmtx.o (symbol from plugin)
                                                  build/obj/test_sequence_012.o (symbol from plugin)
                                                  build/obj/test_sequence_005.o (symbol from plugin)
                                                  build/obj/chheap.o (symbol from plugin)
chMtxTryLock                                      build/obj/chmtx.o (symbol from plugin)
                                                  build/obj/test_sequence_005.o (symbol from plugin)
chMtxTryLockS                                     build/obj/chmtx.o (symbol from plugin)
chMtxUnlock                                       build/obj/chmtx.o (symbol from plugin)
                                                  build/obj/test_sequence_012.o (symbol from plugin)
                                                  build/obj/test_sequence_005.o (symbol from plugin)
                                                  build/obj/chheap.o (symbol from plugin)
chMtxUnlockAll                                    build/obj/chmtx.o (symbol from plugin)
                                                  build/obj/test_sequence_005.o (symbol from plugin)
chMtxUnlockAllS                                   build/obj/chmtx.o (symbol from plugin)
chMtxUnlockS                                      build/obj/chmtx.o (symbol from plugin)
                                                  build/obj/test_sequence_005.o (symbol from plugin)
                                                  build/obj/chcond.o (symbol from plugin)
chPoolAlloc                                       build/obj/chmempools.o (symbol from plugin)
                                                  build/obj/test_sequence_011.o (symbol from plugin)
                                                  build/obj/test_sequence_009.o (symbol from plugin)
                                                  build/obj/chdynamic.o (symbol from plugin)
chPoolAllocI                                      build/obj/chmempools.o (symbol from plugin)
chPoolFree                                        build/obj/chmempools.o (symbol from plugin)
                                                  build/obj/test_sequence_011.o (symbol from plugin)
                                                  build/obj/test_sequence_009.o (symbol from plugin)
                                                  build/obj/chthreads.o (symbol from plugin)
chPoolFreeI                                       build/obj/chmempools.o (symbol from plugin)
chPoolLoadArray                                   build/obj/chmempools.o (symbol from plugin)
                                                  build/obj/test_sequence_009.o (symbol from plugin)
chPoolObjectInit                                  build/obj/chmempools.o (symbol from plugin)
                                                  build/obj/test_sequence_011.o (symbol from plugin)
                                                  build/obj/test_sequence_009.o (symbol from plugin)
chRegFindThreadByName                             build/obj/chregistry.o (symbol from plugin)
chRegFindThreadByPointer                          build/obj/chregistry.o (symbol from plugin)
chRegFindThreadByWorkingArea                      build/obj/chregistry.o (symbol from plugin)
                                                  build/obj/chthreads.o (symbol from plugin)
chRegFirstThread                                  build/obj/chregistry.o (symbol from plugin)
chRegNextThread                                   build/obj/chregistry.o (symbol from plugin)
chSchDoReschedule                                 /tmp/ccb9u08R.ltrans0.ltrans.o
                                                  build/obj/chschd.o (symbol from plugin)
                                                  build/obj/chcoreasm_v6m.o
chSchDoRescheduleAhead                            build/obj/chschd.o (symbol from plugin)
chSchDoRescheduleBehind                           build/obj/chschd.o (symbol from plugin)
                                                  build/obj/chthreads.o (symbol from plugin)
chSchGoSleepS                                     build/obj/chschd.o (symbol from plugin)
                                                  build/obj/test_sequence_012.o (symbol from plugin)
                                                  build/obj/chmsg.o (symbol from plugin)
                                                  build/obj/chevents.o (symbol from plugin)
                                                  build/obj/chcond.o (symbol from plugin)
                                                  build/obj/chmtx.o (symbol from plugin)
                                                  build/obj/chsem.o (symbol from plugin)
                                                  build/obj/chthreads.o (symbol from plugin)
chSchGoSleepTimeoutS                              build/obj/chschd.o (symbol from plugin)
                                                  build/obj/chevents.o (symbol from plugin)
                                                  build/obj/chcond.o (symbol from plugin)
                                                  build/obj/chsem.o (symbol from plugin)
                                                  build/obj/chthreads.o (symbol from plugin)
chSchIsPreemptionRequired                         build/obj/chschd.o (symbol from plugin)
                                                  build/obj/chcore_v6m.o (symbol from plugin)
chSchReadyAheadI                                  build/obj/chschd.o (symbol from plugin)
chSchReadyI                                       build/obj/chschd.o (symbol from plugin)
                                                  build/obj/chmsg.o (symbol from plugin)
                                                  build/obj/chevents.o (symbol from plugin)
                                                  build/obj/chcond.o (symbol from plugin)
                                                  build/obj/chmtx.o (symbol from plugin)
                                                  build/obj/chsem.o (symbol from plugin)
                                                  build/obj/chthreads.o (symbol from plugin)
chSchRescheduleS                                  build/obj/chschd.o (symbol from plugin)
                                                  build/obj/test_sequence_005.o (symbol from plugin)
                                                  build/obj/test_sequence_004.o (symbol from plugin)
                                                  build/obj/test_sequence_003.o (symbol from plugin)
                                                  build/obj/chmempools.o (symbol from plugin)
                                                  build/obj/chmboxes.o (symbol from plugin)
                                                  build/obj/chevents.o (symbol from plugin)
                                                  build/obj/chcond.o (symbol from plugin)
                                                  build/obj/chmtx.o (symbol from plugin)
                                                  build/obj/chsem.o (symbol from plugin)
                                                  build/obj/chthreads.o (symbol from plugin)
                                                  build/obj/chsys.o (symbol from plugin)
chSchWakeupS                                      build/obj/chschd.o (symbol from plugin)
                                                  build/obj/test_sequence_012.o (symbol from plugin)
                                                  build/obj/chdynamic.o (symbol from plugin)
                                                  build/obj/chmsg.o (symbol from plugin)
                                                  build/obj/chcond.o (symbol from plugin)
                                                  build/obj/chsem.o (symbol from plugin)
                                                  build/obj/chthreads.o (symbol from plugin)
chSemAddCounterI                                  build/obj/chsem.o (symbol from plugin)
                                                  build/obj/test_sequence_004.o (symbol from plugin)
chSemObjectInit                                   build/obj/chsem.o (symbol from plugin)
                                                  build/obj/test_sequence_012.o (symbol from plugin)
                                                  build/obj/test_sequence_004.o (symbol from plugin)
                                                  build/obj/chmempools.o (symbol from plugin)
                                                  build/obj/chmboxes.o (symbol from plugin)
chSemReset                                        build/obj/chsem.o (symbol from plugin)
                                                  build/obj/test_sequence_012.o (symbol from plugin)
                                                  build/obj/test_sequence_004.o (symbol from plugin)
chSemResetI                                       build/obj/chsem.o (symbol from plugin)
                                                  build/obj/chmboxes.o (symbol from plugin)
chSemSignal                                       build/obj/chsem.o (symbol from plugin)
                                                  build/obj/test_sequence_012.o (symbol from plugin)
                                                  build/obj/test_sequence_004.o (symbol from plugin)
chSemSignalI                                      build/obj/chsem.o (symbol from plugin)
                                                  build/obj/test_sequence_004.o (symbol from plugin)
                                                  build/obj/chmempools.o (symbol from plugin)
                                                  build/obj/chmboxes.o (symbol from plugin)
chSemSignalWait                                   build/obj/chsem.o (symbol from plugin)
                                                  build/obj/test_sequence_004.o (symbol from plugin)
chSemWait                                         build/obj/chsem.o (symbol from plugin)
                                                  build/obj/test_sequence_012.o (symbol from plugin)
                                                  build/obj/test_sequence_004.o (symbol from plugin)
chSemWaitS                                        build/obj/chsem.o (symbol from plugin)
chSemWaitTimeout                                  build/obj/chsem.o (symbol from plugin)
                                                  build/obj/test_sequence_004.o (symbol from plugin)
chSemWaitTimeoutS                                 build/obj/chsem.o (symbol from plugin)
                                                  build/obj/chmempools.o (symbol from plugin)
                                                  build/obj/chmboxes.o (symbol from plugin)
chSysGetStatusAndLockX                            build/obj/chsys.o (symbol from plugin)
                                                  build/obj/test_sequence_001.o (symbol from plugin)
chSysHalt                                         build/obj/chsys.o (symbol from plugin)
                                                  build/obj/test_sequence_012.o (symbol from plugin)
                                                  build/obj/test_sequence_008.o (symbol from plugin)
                                                  build/obj/test_sequence_007.o (symbol from plugin)
                                                  build/obj/test_sequence_006.o (symbol from plugin)
                                                  build/obj/test_sequence_005.o (symbol from plugin)
                                                  build/obj/test_sequence_004.o (symbol from plugin)
                                                  build/obj/test_sequence_003.o (symbol from plugin)
                                                  build/obj/test_sequence_002.o (symbol from plugin)
                                                  build/obj/test_sequence_001.o (symbol from plugin)
                                                  build/obj/test_root.o (symbol from plugin)
                                                  build/obj/ch_test.o (symbol from plugin)
                                                  build/obj/hal_pwm_lld.o (symbol from plugin)
                                                  build/obj/nvic.o (symbol from plugin)
                                                  build/obj/hal_pwm.o (symbol from plugin)
                                                  build/obj/hal_pal.o (symbol from plugin)
                                                  build/obj/hal_queues.o (symbol from plugin)
                                                  build/obj/hal_buffers.o (symbol from plugin)
                                                  build/obj/hal_st.o (symbol from plugin)
                                                  build/obj/chmempools.o (symbol from plugin)
                                                  build/obj/chheap.o (symbol from plugin)
                                                  build/obj/chmemcore.o (symbol from plugin)
                                                  build/obj/chmboxes.o (symbol from plugin)
                                                  build/obj/chdynamic.o (symbol from plugin)
                                                  build/obj/chmsg.o (symbol from plugin)
                                                  build/obj/chevents.o (symbol from plugin)
                                                  build/obj/chcond.o (symbol from plugin)
                                                  build/obj/chmtx.o (symbol from plugin)
                                                  build/obj/chsem.o (symbol from plugin)
                                                  build/obj/chregistry.o (symbol from plugin)
                                                  build/obj/chthreads.o (symbol from plugin)
                                                  build/obj/chschd.o (symbol from plugin)
                                                  build/obj/chvt.o (symbol from plugin)
                                                  build/obj/chdebug.o (symbol from plugin)
chSysInit                                         build/obj/chsys.o (symbol from plugin)
                                                  build/obj/main.o (symbol from plugin)
chSysIntegrityCheckI                              build/obj/chsys.o (symbol from plugin)
                                                  build/obj/test_sequence_001.o (symbol from plugin)
chSysRestoreStatusX                               build/obj/chsys.o (symbol from plugin)
                                                  build/obj/test_sequence_001.o (symbol from plugin)
chSysTimerHandlerI                                build/obj/chsys.o (symbol from plugin)
                                                  build/obj/hal_st_lld.o (symbol from plugin)
chThdAddRef                                       build/obj/chthreads.o (symbol from plugin)
chThdCreate                                       build/obj/chthreads.o (symbol from plugin)
                                                  build/obj/chsys.o (symbol from plugin)
chThdCreateFromHeap                               build/obj/chdynamic.o (symbol from plugin)
                                                  build/obj/test_sequence_011.o (symbol from plugin)
chThdCreateFromMemoryPool                         build/obj/chdynamic.o (symbol from plugin)
                                                  build/obj/test_sequence_011.o (symbol from plugin)
chThdCreateI                                      build/obj/chthreads.o (symbol from plugin)
chThdCreateStatic                                 build/obj/chthreads.o (symbol from plugin)
                                                  build/obj/main.o (symbol from plugin)
                                                  build/obj/test_sequence_012.o (symbol from plugin)
                                                  build/obj/test_sequence_007.o (symbol from plugin)
                                                  build/obj/test_sequence_006.o (symbol from plugin)
                                                  build/obj/test_sequence_005.o (symbol from plugin)
                                                  build/obj/test_sequence_004.o (symbol from plugin)
                                                  build/obj/test_sequence_003.o (symbol from plugin)
                                                  build/obj/test_sequence_002.o (symbol from plugin)
chThdCreateSuspended                              build/obj/chthreads.o (symbol from plugin)
chThdCreateSuspendedI                             build/obj/chthreads.o (symbol from plugin)
                                                  build/obj/chdynamic.o (symbol from plugin)
chThdDequeueAllI                                  build/obj/chthreads.o (symbol from plugin)
                                                  build/obj/hal_queues.o (symbol from plugin)
                                                  build/obj/hal_buffers.o (symbol from plugin)
chThdDequeueNextI                                 build/obj/chthreads.o (symbol from plugin)
                                                  build/obj/hal_queues.o (symbol from plugin)
                                                  build/obj/hal_buffers.o (symbol from plugin)
chThdEnqueueTimeoutS                              build/obj/chthreads.o (symbol from plugin)
                                                  build/obj/hal_queues.o (symbol from plugin)
                                                  build/obj/hal_buffers.o (symbol from plugin)
chThdExit                                         /tmp/ccb9u08R.ltrans0.ltrans.o
                                                  build/obj/chthreads.o (symbol from plugin)
                                                  build/obj/test_sequence_012.o (symbol from plugin)
                                                  build/obj/chcoreasm_v6m.o
chThdExitS                                        build/obj/chthreads.o (symbol from plugin)
chThdRelease                                      build/obj/chthreads.o (symbol from plugin)
                                                  build/obj/test_sequence_012.o (symbol from plugin)
                                                  build/obj/chregistry.o (symbol from plugin)
chThdResume                                       build/obj/chthreads.o (symbol from plugin)
chThdResumeI                                      build/obj/chthreads.o (symbol from plugin)
                                                  build/obj/test_sequence_003.o (symbol from plugin)
chThdResumeS                                      build/obj/chthreads.o (symbol from plugin)
chThdSetPriority                                  build/obj/chthreads.o (symbol from plugin)
                                                  build/obj/test_sequence_002.o (symbol from plugin)
chThdSleep                                        build/obj/chthreads.o (symbol from plugin)
                                                  build/obj/main.o (symbol from plugin)
                                                  build/obj/test_sequence_012.o (symbol from plugin)
                                                  build/obj/test_sequence_007.o (symbol from plugin)
                                                  build/obj/test_sequence_005.o (symbol from plugin)
                                                  build/obj/test_sequence_004.o (symbol from plugin)
                                                  build/obj/test_sequence_002.o (symbol from plugin)
                                                  build/obj/test_sequence_001.o (symbol from plugin)
                                                  build/obj/test_root.o (symbol from plugin)
                                                  build/obj/ch_test.o (symbol from plugin)
chThdSleepUntil                                   build/obj/chthreads.o (symbol from plugin)
                                                  build/obj/test_sequence_002.o (symbol from plugin)
chThdSleepUntilWindowed                           build/obj/chthreads.o (symbol from plugin)
chThdStart                                        build/obj/chthreads.o (symbol from plugin)
chThdSuspendS                                     build/obj/chthreads.o (symbol from plugin)
chThdSuspendTimeoutS                              build/obj/chthreads.o (symbol from plugin)
                                                  build/obj/test_sequence_003.o (symbol from plugin)
chThdTerminate                                    build/obj/chthreads.o (symbol from plugin)
                                                  build/obj/test_root.o (symbol from plugin)
chThdWait                                         build/obj/chthreads.o (symbol from plugin)
                                                  build/obj/test_sequence_012.o (symbol from plugin)
                                                  build/obj/test_root.o (symbol from plugin)
chThdYield                                        build/obj/chthreads.o (symbol from plugin)
                                                  build/obj/test_sequence_012.o (symbol from plugin)
chVTDoResetI                                      build/obj/chvt.o (symbol from plugin)
                                                  build/obj/test_sequence_012.o (symbol from plugin)
                                                  build/obj/test_sequence_001.o (symbol from plugin)
                                                  build/obj/chschd.o (symbol from plugin)
chVTDoSetI                                        build/obj/chvt.o (symbol from plugin)
                                                  build/obj/test_sequence_012.o (symbol from plugin)
                                                  build/obj/test_sequence_001.o (symbol from plugin)
                                                  build/obj/chschd.o (symbol from plugin)
ch_debug                                          build/obj/chregistry.o (symbol from plugin)
                                                  build/obj/chsys.o (symbol from plugin)
ch_idle_thread_wa                                 build/obj/chsys.o (symbol from plugin)
halInit                                           build/obj/hal.o (symbol from plugin)
                                                  build/obj/main.o (symbol from plugin)
hal_lld_init                                      build/obj/hal_lld.o (symbol from plugin)
                                                  build/obj/hal.o (symbol from plugin)
ibqGetEmptyBufferI                                build/obj/hal_buffers.o (symbol from plugin)
ibqGetFullBufferTimeout                           build/obj/hal_buffers.o (symbol from plugin)
ibqGetFullBufferTimeoutS                          build/obj/hal_buffers.o (symbol from plugin)
ibqGetTimeout                                     build/obj/hal_buffers.o (symbol from plugin)
ibqObjectInit                                     build/obj/hal_buffers.o (symbol from plugin)
ibqPostFullBufferI                                build/obj/hal_buffers.o (symbol from plugin)
ibqReadTimeout                                    build/obj/hal_buffers.o (symbol from plugin)
ibqReleaseEmptyBuffer                             build/obj/hal_buffers.o (symbol from plugin)
ibqReleaseEmptyBufferS                            build/obj/hal_buffers.o (symbol from plugin)
ibqResetI                                         build/obj/hal_buffers.o (symbol from plugin)
iqGetTimeout                                      build/obj/hal_queues.o (symbol from plugin)
iqObjectInit                                      build/obj/hal_queues.o (symbol from plugin)
iqPutI                                            build/obj/hal_queues.o (symbol from plugin)
iqReadTimeout                                     build/obj/hal_queues.o (symbol from plugin)
iqResetI                                          build/obj/hal_queues.o (symbol from plugin)
main                                              /tmp/ccb9u08R.ltrans0.ltrans.o
                                                  build/obj/main.o (symbol from plugin)
                                                  build/obj/crt0_v6m.o
nvicClearPending                                  build/obj/nvic.o (symbol from plugin)
nvicDisableVector                                 build/obj/nvic.o (symbol from plugin)
                                                  build/obj/hal_pwm_lld.o (symbol from plugin)
nvicEnableVector                                  build/obj/nvic.o (symbol from plugin)
                                                  build/obj/hal_pwm_lld.o (symbol from plugin)
nvicSetSystemHandlerPriority                      build/obj/nvic.o (symbol from plugin)
                                                  build/obj/hal_st_lld.o (symbol from plugin)